atiiki_1.map,atiiki_1.tmp,0,0
P,to Katta Castrum,Red,-917,-1064
P,Teleport Pad 1,Yellow,-892,-590
P,Teleport Pad 2,Yellow,-228,1028
P,Teleport Pad 3,Yellow,493,1087
P,Teleport Pad 4,Yellow,1078,807
P,Teleport Pad 5,Yellow,878,-773
P,Trap (bugs),Yellow,1060,1024
P,Trap (bugs),Yellow,912,1026
P,Trap (bugs),Yellow,1021,714
P,Trap (bugs),Yellow,904,762
P,Trap (bugs),Yellow,-365,974
P,Trap (bugs),Yellow,-301,1133
P,Trap (bugs),Yellow,-139,1163
P,Trap (bugs),Yellow,-185,915
P,Trap (bugs),Yellow,-324,972
P,Trap (bugs),Yellow,-280,1073
P,Trap (bugs),Yellow,445,1229
P,Trap (bugs),Yellow,306,1303
P,Trap (bugs),Yellow,338,1017
P,Trap (bugs),Yellow,330,1120
P,Trap (bugs),Yellow,849,744
P,Trap (bugs),Yellow,640,-727
P,Trap (bugs),Yellow,898,-842
P,Trap (bugs),Yellow,505,-834
P,Trap (bugs),Yellow,939,-704
P,phobolyten (Roam),Red,642,-756
P,Shelfezmaken,White,225,172
P,Hand of Akarahotuten,White,-842,-619
P,Osinzuhazhfet,White,-850,-589
P,a crag ravager,White,-797,796
P,hand of queltizenzumotif,White,7,1052
P,Xanxionusus,White,901,-600
P,Akarahotuten,White,722,-719
P,Tekelfotonan,White,668,-723
P,Rohtrepoten,White,926,879
P,Vizhizshazid,White,871,881
P,Gigias,White,1005,-417
P,Medious,White,1007,-374
P,Lathik,White,1005,-396
P,Simulat,White,1003,-349
P,Tiniz,White,1003,-332
P,Mahatototarit,White,1085,-383
P,Dezthazkekol,White,342,1161
P,Yinihortinkah,White,286,1161
P,Kikinkoutepmozha,White,-240,1061
P,Queltizenzumotif,White,-291,1061
P,Isiiilisinisusurpa,White,655,1245
P,Noble Sivrn (Quest),DarkCyan,40,-352
