commonlands_1.map,commonlands_1.tmp,0,0
P,Druid Ring,Red,1596,726
P,Wizard Spire,Red,1784,221
P,Plague Trap,Yellow,-2327,474
P,Soulbinder,White,-2706,-1737
P,Maula Fishcatcher (Merchant),DarkGreen,2385,521
P,RushkaDeklamoor (Spells),DarkGreen,-2518,-1585
P,Entock Malso (Tomes),DarkGreen,-2541,-1568
P,Palil Agrolm (Spells),DarkGreen,-2643,-1564
P,Tallik Jaggedfire (Spells),DarkGreen,-2678,-1579
P,Bubar (General Vendor),DarkGreen,-2691,-1590
P,Celni Pawfoot (Beastlord Tomes),DarkGreen,-2826,-1802
P,Voris Flatblade (Warrior Tomes,DarkGreen,-2823,-1834
P,Badoo Zumlar (Berserker Tomes),DarkGreen,-2801,-1871
P,Xernic Gutner (Rogue Tomes),DarkGreen,-2772,-1861
P,Elin Lightblade (paladin Tomes),DarkGreen,-2782,-1889
P,Grishna Vriensa (Berserker Tomes),DarkGreen,-2769,-1904
P,Cedric Bramblethorn (Ranger Tomes),DarkGreen,-2756,-1924
P,Wilno Lilin (Monk Tomes),DarkGreen,-2595,-1965
P,Olin Helni (Shadow Knight Tomes),DarkGreen,-2613,-1948
P,Farrengen Mithfinder,White,2857,-561
P,Kathi Norman,White,422,1094
P,Pardor the Blessed,White,-3090,-12
P,Lyth Spellstar,White,-218,171
P,Vuil Greenwhisper,White,-787,460
P,Bealya Tanilsuia,White,2329,-99
P,a wandering zombie (Missions),DarkCyan,1440,402
P,Almon Juliao (Task Master),DeepPink,-2614,-1970
P,Metha Wintersong,White,-795,456
P,Orc 1,White,-1369,913
P,Orc 2,White,-195,702
P,Orc 3,White,3140,1080
P,Undead Ruins,White,-1311,-1035
P,Wayfarers Camp,White,-2509,-1738
P,Broken Claw Bandit Camp,White,2188,1194
P,Dervish Cutthroat Camp,White,1453,1096
P,Undead Tower,White,1113,818
P,West Village #1,White,-299,223
P,West Village #3,White,1246,-225
P,North Inn,White,-768,1001
P,South Inn,White,-1390,-354
P,East Inn,White,-2751,101
P,Toll Booth,White,843,-64
P,to Nekulos Forest,Red,-2480,1292
P,to West Freeport,Red,-3966,253
P,Magnus (Wayfarer Camp Port),Red,-2633,-1852
P,to North Ro,Red,-2380,-2104
P,to Befallen,Red,1044,-1167
P,to Chapterhouse of the Fallen (click),Red,976,-1058
P,to Kithicor,Red,3666,1157
P,Derin Mausrel,White,71,-445
P,Brizzenoth Scyth,White,2129,284
P,Luarnn Gibbizt (Raids),CadetBlue,-2522,-1731
P,Kehn Kohski (Adventure Merchant),Green,-2510,-1711
