crystalshard_1.map,crystalshard_1.tmp,0,0
P,to East Wastes: Zeixshi-Kar's Awakening (One Way),Red,73,-571
P,to East Wastes: Zeixshi-Kar's Awakening,Red,311,482
P,Succor,Red,303,487
P,Kramble Gemshard (Banker),Gold,298,-192
P,Praps Gemshard (Baking Supplies),DarkRed,372,-256
P,Grabble Coldheart (General Supplies),DarkGreen,165,-260
P,Gillad Coldheart (Brewing Supplies),DarkGreen,343,-175
P,Milliace Gemshard (General Supplies),DarkGreen,232,-262
P,Captain Dunstan Coldheart (Quest Mission Raid),CadetBlue,229,-255
P,an enslaved Turmoil Toad,White,503,397
P,an enslaved Turmoil Toad,White,504,471
P,an enslaved Turmoil Toad,White,313,531
P,Cassia Gemshard,White,260,-96
P,Historian Baenek,White,229,-322
P,Vevina Velweaver,White,247,-227
P,Soren Coldheart,White,238,-228
P,Tacy MistHeart,White,340,-126
P,Hardat Gemshard,White,176,-243
P,Fuller Velweaver,White,363,-271
P,Flint Velweaver,White,322,-362
P,Bronigan (Quest),DarkCyan,748,-348
P,Veldmir Velweaver (Quest),DarkCyan,301,-169
P,Ysylfar (Quest),DarkCyan,420,-221
P,Kodik (Quest),DarkCyan,171,-419
P,Fridjorn (Quest),DarkCyan,21,-345
P,Baffod the Wayward (Quest),DarkCyan,773,489
P,Graght the Little (Quest),DarkCyan,597,499
P,Nanokik (Quest),DarkCyan,556,464
P,A Crystal Lurker (Hunter/Roam),DarkRed,31,-334
P,A Hollow Crystal (Hunter),DarkRed,-23,-167
P,A Stalag Purifier (Hunter),DarkRed,283,-392
P,A Life Leech (Hunter),DarkRed,778,-190
P,Pit Boss Torgud (Hunter),DarkRed,498,418
P,A RyGorr Enforcer (Hunter),DarkRed,809,912
P,Prospector Wersan (Hunter),DarkRed,822,576
P,Queen Dracnia (Hunter),DarkRed,-913,-540
P,Foreman Smason (Hunter),DarkRed,506,418
P,Foreman Rixact (Hunter),DarkRed,506,468
P,A Stalag Purifier (Hunter),DarkRed,56,-244
P,A Terror Carver (Hunter),DarkRed,-295,-201
P,A Focus Gem (Hunter),DarkRed,-258,-549
P,Base of Open Pit,White,466,450
P,Crystal Ravine,White,637,296
P,Green up to ZI,White,744,509
P,Engineer Colle,White,299,-149
P,GS: Collection Report,Blue,205,-241
P,GS: Collection (Report),Blue,376,-187
P,Overseer Grydon (Hunter),DarkRed,791,370
P,Prospector Wersan (Hunter),DarkRed,741,520
P,A Hollow Crystal (Hunter),DarkRed,-233,-152
P,A Ry'Gorr Inspector (Hunter),DarkRed,523,424
