firiona_1.map,firiona_1.tmp,0,0
P,to Lake of Ill Omen,Red,3538,1298
P,to Swamp of No Hope,Red,-2202,4534
P,to Swamp of No Hope,Red,2462,3642
P,to The Dreadlands,Red,6028,287
P,to Timorous Deep,Red,-1220,-8400
P,PoK Book,Red,4714,-455
P,Succor,Red,1440,-2392
P,Brew Barrel,Magenta,2983,-2941
P,Forge,Magenta,2685,-2877
P,Oven,Magenta,2690,-2864
P,Wella (Banker),Gold,2661,-3327
P,Wellford (Banker),Gold,2632,-3327
P,Soulbinder Tardon,White,-3291,567
P,Clarissa (Spells),DarkGreen,2976,-3866
P,Drizel (Spells),DarkGreen,2925,-3864
P,Nertith (Spells),DarkGreen,2612,-3995
P,Selien (Spells),DarkGreen,2627,-3979
P,Kaydin (Armor),DarkGreen,2744,-2824
P,Dom (Merchant),DarkGreen,2686,-2818
P,Dran (Merchant),DarkGreen,2953,-3132
P,Basil (Armor),DarkGreen,2616,-3367
P,Jessica (Fletcher),DarkGreen,3310,-3426
P,Fleceal (Fletcher),DarkGreen,3327,-3426
P,Raciel (Spells),DarkGreen,3308,-3397
P,Leala (Merchant),DarkGreen,3338,-3299
P,Samson (Brewer),DarkGreen,2977,-2952
P,Balik (Spells),DarkGreen,2966,-3010
P,Glinya (Baking),DarkGreen,2550,-2750
P,Shrub (Potions),DarkGreen,2267,-3253
P,Arial (Spells),DarkGreen,2257,-3239
P,Rafron (Merchant),DarkGreen,1671,-3833
P,Shelae (Spells),DarkGreen,1639,-3817
P,Marlyn (Alchemy),DarkGreen,1669,-3813
P,Broawn (Merchant),DarkGreen,1673,-3863
P,Dorg (Merchant),DarkGreen,1641,-3866
P,Brak (Poison),DarkGreen,2359,-3608
P,Brisha (Jewelry),DarkGreen,2405,-3615
P,Drake (Gems),DarkGreen,2404,-3634
P,Corfia Nultethen (Jewelry),DarkGreen,-3308,133
P,Drake (Jewelry),DarkGreen,-3336,894
P,Quizan (Weapons),DarkGreen,-3334,786
P,Gearin (Weapons),DarkGreen,-3328,742
P,Brackin (Spells),DarkGreen,-3301,744
P,Selien (Spells),DarkGreen,-3289,611
P,Quegmor (GM Beastlord),Grey,2310,-2874
P,Darakor (GM Paladin),Grey,2951,-3892
P,Despondo (GM Wizard),Grey,2620,-4007
P,Bricaro (GM Magician),Grey,2611,-3958
P,Luminare (GM Enchanter),Grey,2631,-3958
P,Feardeep (GM Rogue),Grey,2348,-3629
P,Captain Nealith (GM Warrior),Grey,-2673,647
P,Lieutenant Feardeep (GM Rogue),Grey,-2495,611
P,Quegmor O`Cranic (GM Beastmaster),Grey,-3310,415
P,Keatar (GM Ranger),Grey,3319,-3445
