highpasshold_1.map,highpasshold_1.tmp,0,0
P,to Highkeep,Red,-315,-110
P,to Kithicor,Red,150,-1326
P,to Blightfire Moors,Red,-204,1049
P,to East Karana,Red,93,1325
P,Forge,Magenta,-364,-626
P,Brew Barrel,Magenta,574,-108
P,Oven,Magenta,578,-136
P,Kiln,Magenta,635,206
P,Forge,Magenta,-27,-490
P,Volunteer Renlor,White,283,594
P,Winn Greenbane,White,-344,-672
P,Dovik Greenbane,White,-354,-679
P,Mardon Smith,White,-370,-677
P,Jovan,White,-263,-390
P,Gublink Furnhorn,White,-227,-430
P,Scar,White,-220,-446
P,Bartholemew,White,-226,-459
P,Dyn Tarburner,White,673,-257
P,Lyn Tarburner,White,609,-161
P,Alhareen the Just,White,639,-103
P,Dalishea,White,166,-100
P,Greth Truksorn,White,174,-82
P,Brenon,White,192,-100
P,Anson McBale,White,328,34
P,Dyllin Starsine,White,52,16
P,Kaden Gron,White,-583,443
P,Prak,White,-607,426
P,Breck Damison,White,-617,464
P,Crenn Salbet,White,-575,459
P,Malik Zaren,White,-573,458
P,Vranol Blackguard,White,-543,423
P,Lyla Whistlewood,White,-588,416
P,Tami Whistlewood,White,-575,421
P,Gaigin Greyeagle,White,586,206
P,Min Greyeagle,White,581,231
P,Burgek,White,619,239
P,Falyn Farreach,White,630,235
P,Captain Ashlan,Blue,29,-791
P,Wres Corber,White,101,-419
P,Dyona Rossook,White,4,-480
P,Sernn Rossook,White,-7,-481
P,Greth Dalishea,White,145,-88
P,Commander Tehafer,White,-261,-131
P,blocked,White,327,977
P,GS: a Rod,Blue,585,-266
P,Golden Rooster,White,-499,467
P,Greenbane's Weapons,White,-407,-628
P,Tiger's Roar,White,491,-61
P,Top of the world,White,644,181
P,"The Lumberyard",White,-256,-587
P,Kiln,Magenta,15,-455
P,Pottery Wheel,Magenta,14,-493
P,The Overlook,White,-429,-591
