mechanotus_1.map,mechanotus_1.tmp,0,0
P,to Steam Factory,Red,1255,-122
P,to Steam Factory,Red,-794,-436
P,to Gyropsire Beza (click),Red,-1662,-206
P,to Gyrospire Zeta (click),Red,-1699,-153
P,to S.H.I.P. Workshop,Red,1656,1041
P,to Meldrath's Majestic Mansion,Red,13,1472
P,Succor,Red,-1700,350
P,Trap,Yellow,1503,2658
P,Elevators,Yellow,1249,1835
P,Elevator,Yellow,1369,-1202
P,Elevators,Yellow,-1,-210
P,Elevators,Yellow,-8,128
P,Elevators,Yellow,37,498
P,Elevators,Yellow,-1245,1870
P,Instance (Raid),Yellow,-871,2151
P,Inizen Nogglezop (Spells),DarkGreen,-1454,879
P,Pull,DarkGreen,1591,-367
P,Siege Inspector Huttle,White,-1193,-1118
P,Engineer Springfap (Quests),DarkCyan,-1680,238
P,Tavik Gearpaq (Quests),DarkCyan,-1565,228
P,Pyrotechnician Flizcoq (Quests),DarkCyan,-1510,212
P,Clockwork Warmashal (Quests),DarkCyan,-1407,159
P,Tinmyn Cogsloose (Quests 75+),DarkCyan,-1313,12
P,Tabazon Gearflinger,White,-1480,95
P,Launch Engineer,White,-1626,-142
P,Engineer Brinik,White,-1218,-234
P,Firemarshal Unit IV,White,-350,-1454
P,Siegemarshal Kenti Tinwhistle,White,672,-1492
P,Lamperious Cogwittle,White,-1645,192
P,Gurtrude the Spymaster (Quests),DarkCyan,-1567,206
P,Sparks Diggleknob,White,-1539,427
P,GS: Screw 1,Blue,-1419,2568
P,GS: Screw 2,Blue,-995,2538
P,GS: Screw 3,Blue,-1360,2069
P,GS: Screw 4,Blue,-1129,2237
P,GS: Screw 5,Blue,1381,2234
P,GS: Screw 6,Blue,1543,2212
P,GS: Screw 7,Blue,1390,2290
P,GS: Screw 8,Blue,1535,2293
P,GS: Screw 9,Blue,1389,2396
P,GS: Screw 10,Blue,1533,2397
P,Eldervine the Twisted (Named),DarkRed,-1071,1099
