steamfontmts_1.map,steamfontmts_1.tmp,0,0
P,PoK Book,Red,945,-1133
P,to Dragonscale Hills,Red,-2811,811
P,to Lesser Faydark,Red,2186,414
P,to Ak'Anon,Red,421,-1915
P,to Loping Plains,Red,-2765,2084
P,to Alaris (Blimp),Red,-1029,-1079
P,Druid Ring,Red,1639,-1341
P,Mechanic Elroy Gearstripper (Mission),DarkCyan,-1497,-1418
P,Hobbs,White,-1379,-1217
P,Genda Minyte (Quest),DarkCyan,-1393,-1101
P,Phiz Frugrin (Quest),DarkCyan,-1378,-1239
P,Chief Textile Engineer Treddle (Quest),DarkCyan,-1392,-1207
P,Chief Foreman Salli (Quest),DarkCyan,-1271,-1200
P,Watchman Beld (Quest),DarkCyan,-1263,-1217
P,Chief Engineer Dougal (Quest),DarkCyan,-1055,-1272
P,Chief Smithing Engineer Whistle (Quest),DarkCyan,-1489,-1422
P,Olim Underfoot Emissary,White,770,-1593
P,Chief Wood Engineer Gilanspring (Quest),DarkCyan,-1194,-1446
P,Meldrath,DarkRed,-1967,1654
P,Gorehorn,DarkRed,1694,1673
P,Fletching,DarkGreen,-565,112
P,Baking molds,DarkGreen,426,-1238
P,Tailoring,DarkGreen,722,-1287
P,Smithing molds,DarkGreen,823,-1467
P,General supplies,DarkGreen,334,-1436
P,Baking,DarkGreen,-1478,-1256
P,Jewelcraft,DarkGreen,-1415,-1084
P,GS: (moss covered drake scale),Blue,28,1713
