thuledream_1.map,thuledream_1.tmp,0,0
P,from House of Thule Upper Floors,Red,1036,-1329
P,to House of Thule Upper Floors,Red,1030,-819
P,a decaying corpse,White,464,-224
P,Tyriss,White,1049,-1335
P,Rashan Spiriteaver (Quest),DarkCyan,1067,-1316
P,Iyana T`Vre,White,1061,-1319
P,Altar,White,345,853
P,Sherri Gaines,White,447,892
P,Arki Battlehammer (Quest),DarkCyan,1090,-1349
P,Ryzen Kezik,White,956,-1023
P,Hildran Heartguard (Quest),DarkCyan,-1407,504
P,Morae Windwatcher (Quest),DarkCyan,-1418,483
P,Riyuz the Singed,White,-1388,485
P,Gallentin the Adventurer (Raid),CadetBlue,-671,-283
P,GS: Sherri's Equipment,Blue,410,867
P,GS: Jaris' Spellbook,Blue,468,699
P,GS: Sherri's Equipment,Blue,355,683
P,GS: Sheeri's Equipment,Blue,522,829
P,Reena Kedson (Quest),DarkCyan,180,677
P,Jaris Calmur,White,428,907
P,Marza D`Vour (Quest),DarkCyan,1288,-796
P,Alezra D`Vour (Quests),DarkCyan,609,-1359
P,Lorenai,White,-699,362
P,Vendula,White,616,53
P,Shade of Cazic Thule (Named),DarkRed,393,912
P,Sharuleth (Named),DarkRed,429,919
P,Blake Akers,White,1182,1256
P,Xoraik,White,1293,1183
P,Tsiteth the Thrall,White,422,806
P,Zykean (Named),DarkRed,-390,294
P,Shakare (NamedRoam),DarkRed,959,1433
P,Dread (Hunter),DarkRed,367,581
P,Fake Wall,Yellow,479,905
P,Fright (Hunter),DarkRed,362,838
P,Ancient Dracoliche (Hunter),DarkRed,1201,195
P,Mindleech (Hunter/Roam),DarkRed,-526,687
P,Irak Altil (Hunter),DarkRed,1018,-37
P,Wraith of a Shissar (Hunter),DarkRed,1053,1077
P,Ireblind Imp (Hunter/Roam),DarkRed,-714,1084
P,Iron Fist (Hunter/Roam),DarkRed,-1163,608
P,Mastelyn (Hunter/Roam),DarkRed,-1082,-472
P,Possessed Shamhain (Hunter/Roam),DarkRed,-573,-220
P,Blood Mound,White,-933,907
P,GS: Docilla Leaves,Blue,-730,942
P,GS: Docilla Leaves,Blue,-751,867
P,GS: Docilla Leaves,Blue,-835,790
P,Engored Spinechiller (Hunter),DarkCyan,943,-1064
P,a decaying corpse,White,327,-146
P,a decaying corpse,White,693,-542
P,Fake Wall,Yellow,451,737
P,Fake Wall,Yellow,392,824
P,Undaleen (Hunter/Roam),DarkRed,338,788
P,Fake Wall,Yellow,375,795
P,Spear Trap Room,White,384,710
P,Odium (Hunter/Roam),DarkRed,-376,-1005
P,Terror (Hunter/Roam),DarkRed,495,408
P,Decrepit Warder (Hunter),DarkRed,1170,93
P,Essence of Terror (Hunter/Roam),DarkRed,-724,-1276
P,Katerra the Anguished (Hunter),DarkRed,433,-208
P,Dyalgem (Hunter),DarkRed,-349,-634
P,Twisted Tormentor (Hunter),DarkRed,-952,-1162
P,Tempest Reaver (Hunter/Roam),DarkRed,-120,1164
P,Tempest Reaver (Hunter/Roam),DarkRed,596,1316
P,Argendev (Hunter),DarkRed,382,951
